O O O label-validation-3
O O O O label-validation-4
