O O
O B-data-provider.user O O O O O O O O O B-action O B-data-collected.data-general O O O B-data-collected.data-general I-data-collected.data-general O
B-data-collector.first-party-entity O B-action O B-data-collected.data-general O O O O O O O O O O O O O O O O O O O O O
O O O
O
O O O O O O O O O O O O O O O
O O O O O O O O O O O O O O O O O O O O O O O O O O
O O O O O O O O O O O O O O O O O O O O O O O O O O O O O O O O O O
O O O O O O O O O O O O O O O O O O O O O O O O O O
O O O O O O O O O O O O O O O O O O O O O O O O O O O O O
