O B-condition-argument.condition I-condition-argument.condition I-condition-argument.condition I-condition-argument.condition I-condition-argument.condition I-condition-argument.condition I-condition-argument.condition I-condition-argument.condition I-condition-argument.condition I-condition-argument.condition O O O O O O O O O O O O O O O O O O O O O O O B-purpose-argument.basic-service-feature I-purpose-argument.basic-service-feature I-purpose-argument.basic-service-feature I-purpose-argument.basic-service-feature I-purpose-argument.basic-service-feature I-purpose-argument.basic-service-feature I-purpose-argument.basic-service-feature O
O O O O O O O O O O O O B-purpose-argument.basic-service-feature I-purpose-argument.basic-service-feature I-purpose-argument.basic-service-feature I-purpose-argument.basic-service-feature I-purpose-argument.basic-service-feature I-purpose-argument.basic-service-feature I-purpose-argument.basic-service-feature O
O O O O O O O O O O O O O
O O O O O O O O O O O O O O O O O O O O O O O O O O O O O O O O O O O
O O O O O O O O O O O O O O O O O O O O O O B-polarity.negation O O O O O O O
O O O O O O O O O O O O B-purpose-argument.analytics-research I-purpose-argument.analytics-research I-purpose-argument.analytics-research O B-purpose-argument.basic-service-feature I-purpose-argument.basic-service-feature I-purpose-argument.basic-service-feature I-purpose-argument.basic-service-feature I-purpose-argument.basic-service-feature I-purpose-argument.basic-service-feature I-purpose-argument.basic-service-feature I-purpose-argument.basic-service-feature I-purpose-argument.basic-service-feature I-purpose-argument.basic-service-feature I-purpose-argument.basic-service-feature I-purpose-argument.basic-service-feature I-purpose-argument.basic-service-feature O
O O B-polarity.negation O O O O O O O O O O O O O O O
O O O O O O O
O O O O O O O O O O O O O O O O O O O O O O O O O O O O O
O O O O O O O O O O O O O O O O O O O
