O B-data-provider.user O O O B-data-collector.first-party-entity O O O O O O O O B-action B-data-collected.data-user-online-activities-profiles I-data-collected.data-user-online-activities-profiles I-data-collected.data-user-online-activities-profiles I-data-collected.data-user-online-activities-profiles I-data-collected.data-user-online-activities-profiles I-data-collected.data-user-online-activities-profiles I-data-collected.data-user-online-activities-profiles I-data-collected.data-user-online-activities-profiles I-data-collected.data-user-online-activities-profiles I-data-collected.data-user-online-activities-profiles O O O B-data-collected.data-cookies-web-beacons-and-other-technologies I-data-collected.data-cookies-web-beacons-and-other-technologies O O O O O O O O O O O O
B-data-collector.first-party-entity O O B-action B-data-collected.data-user-online-activities-profiles I-data-collected.data-user-online-activities-profiles I-data-collected.data-user-online-activities-profiles I-data-collected.data-user-online-activities-profiles I-data-collected.data-user-online-activities-profiles I-data-collected.data-user-online-activities-profiles I-data-collected.data-user-online-activities-profiles O O O O O O O O O
B-data-collector.first-party-entity O B-data-provider.third-party-entity I-data-provider.third-party-entity O B-action B-data-collected.data-aggregated-nonidentifiable I-data-collected.data-aggregated-nonidentifiable I-data-collected.data-aggregated-nonidentifiable I-data-collected.data-aggregated-nonidentifiable I-data-collected.data-aggregated-nonidentifiable I-data-collected.data-aggregated-nonidentifiable O
B-data-provider.third-party-entity I-data-provider.third-party-entity B-action B-data-collector.first-party-entity O B-data-collected.data-general O O B-data-collected.data-user-online-activities-profiles I-data-collected.data-user-online-activities-profiles I-data-collected.data-user-online-activities-profiles I-data-collected.data-user-online-activities-profiles I-data-collected.data-user-online-activities-profiles I-data-collected.data-user-online-activities-profiles I-data-collected.data-user-online-activities-profiles I-data-collected.data-user-online-activities-profiles I-data-collected.data-user-online-activities-profiles I-data-collected.data-user-online-activities-profiles I-data-collected.data-user-online-activities-profiles I-data-collected.data-user-online-activities-profiles I-data-collected.data-user-online-activities-profiles I-data-collected.data-user-online-activities-profiles I-data-collected.data-user-online-activities-profiles I-data-collected.data-user-online-activities-profiles I-data-collected.data-user-online-activities-profiles I-data-collected.data-user-online-activities-profiles I-data-collected.data-user-online-activities-profiles I-data-collected.data-user-online-activities-profiles I-data-collected.data-user-online-activities-profiles I-data-collected.data-user-online-activities-profiles I-data-collected.data-user-online-activities-profiles I-data-collected.data-user-online-activities-profiles I-data-collected.data-user-online-activities-profiles I-data-collected.data-user-online-activities-profiles O
O O O O B-data-provider.third-party-entity I-data-provider.third-party-entity B-action O B-data-collected.data-computer-device I-data-collected.data-computer-device O O B-data-provider.user O O O O O O O O O O O B-data-collected.data-contact O O B-data-collected.data-contact I-data-collected.data-contact O
B-data-provider.third-party-entity I-data-provider.third-party-entity O B-action O B-data-collected.data-cookies-web-beacons-and-other-technologies I-data-collected.data-cookies-web-beacons-and-other-technologies O O O O O O O O O O O O O O O O O O O O O O O
B-data-collector.first-party-entity O O B-action O B-data-collected.data-general O O O O O B-data-provider.third-party-entity I-data-provider.third-party-entity O B-data-collected.data-contact I-data-collected.data-contact I-data-collected.data-contact O
O O O O O O O
O O O O O O O O O O O O O O O O O O O O O O O O O O O O O
O O O O O O O O O O O O O O O O O O O
