O O O O O O O O B-condition-argument.condition I-condition-argument.condition I-condition-argument.condition I-condition-argument.condition I-condition-argument.condition I-condition-argument.condition I-condition-argument.condition I-condition-argument.condition O O O O O O O O O O O O O O O O
O O O O O O O O O O O O O B-purpose-argument.basic-service-feature I-purpose-argument.basic-service-feature I-purpose-argument.basic-service-feature I-purpose-argument.basic-service-feature I-purpose-argument.basic-service-feature I-purpose-argument.basic-service-feature I-purpose-argument.basic-service-feature I-purpose-argument.basic-service-feature O
O O O O O O O B-purpose-argument.legal-requirement I-purpose-argument.legal-requirement I-purpose-argument.legal-requirement O O O O B-purpose-argument.legal-requirement I-purpose-argument.legal-requirement I-purpose-argument.legal-requirement I-purpose-argument.legal-requirement O O O O O O O O O O B-purpose-argument.legal-requirement I-purpose-argument.legal-requirement I-purpose-argument.legal-requirement I-purpose-argument.legal-requirement O B-purpose-argument.service-operation-and-security I-purpose-argument.service-operation-and-security O B-purpose-argument.legal-requirement I-purpose-argument.legal-requirement I-purpose-argument.legal-requirement I-purpose-argument.legal-requirement I-purpose-argument.legal-requirement O B-purpose-argument.service-operation-and-security I-purpose-argument.service-operation-and-security I-purpose-argument.service-operation-and-security I-purpose-argument.service-operation-and-security I-purpose-argument.service-operation-and-security O O B-purpose-argument.service-operation-and-security I-purpose-argument.service-operation-and-security I-purpose-argument.service-operation-and-security I-purpose-argument.service-operation-and-security I-purpose-argument.service-operation-and-security I-purpose-argument.service-operation-and-security I-purpose-argument.service-operation-and-security I-purpose-argument.service-operation-and-security I-purpose-argument.service-operation-and-security I-purpose-argument.service-operation-and-security I-purpose-argument.service-operation-and-security I-purpose-argument.service-operation-and-security I-purpose-argument.service-operation-and-security I-purpose-argument.service-operation-and-security I-purpose-argument.service-operation-and-security I-purpose-argument.service-operation-and-security O
O O O O O O O O O O B-purpose-argument.legal-requirement I-purpose-argument.legal-requirement O
O O O O O O O O O O O O O O O B-purpose-argument.legal-requirement I-purpose-argument.legal-requirement I-purpose-argument.legal-requirement I-purpose-argument.legal-requirement I-purpose-argument.legal-requirement O O B-purpose-argument.legal-requirement I-purpose-argument.legal-requirement I-purpose-argument.legal-requirement I-purpose-argument.legal-requirement O
O O O O O O O B-purpose-argument.merge-acquisition I-purpose-argument.merge-acquisition I-purpose-argument.merge-acquisition I-purpose-argument.merge-acquisition I-purpose-argument.merge-acquisition I-purpose-argument.merge-acquisition I-purpose-argument.merge-acquisition I-purpose-argument.merge-acquisition I-purpose-argument.merge-acquisition I-purpose-argument.merge-acquisition I-purpose-argument.merge-acquisition I-purpose-argument.merge-acquisition I-purpose-argument.merge-acquisition I-purpose-argument.merge-acquisition I-purpose-argument.merge-acquisition I-purpose-argument.merge-acquisition I-purpose-argument.merge-acquisition I-purpose-argument.merge-acquisition I-purpose-argument.merge-acquisition I-purpose-argument.merge-acquisition I-purpose-argument.merge-acquisition I-purpose-argument.merge-acquisition I-purpose-argument.merge-acquisition I-purpose-argument.merge-acquisition I-purpose-argument.merge-acquisition I-purpose-argument.merge-acquisition O
O O O O O O O O O O O O O O O O O O O O O O O O O
O O O O O O O O O O O
O O O O O O O O O O O O
O O O O O O O O O O O O O O O O O O O O O O O O O
